student_guid,phone,email,home_address,home_postcode,home_country,term_address,term_postcode,term_country,first_names,last_name,dob,ethnicity,gender,religion,sexid,sexort,trans,ethnicity_grp1,ethnicity_grp2,ethnicity_grp3,hesa_delivery,source_file
DA9C5319-3EAE-0B29-BBF8-23E773298398,01866 51343,good.brackets@inphone.org,Ap #133-6661 Nec Avenue,04672,Brazil,Ap #942-2837 Sem Rd.,3567,United States,Aretha,Walter,1969-08-23,120,02,21,11,10,01,01,02,06,22056_20240331,hesa_22056_20240331_students_transformed.csv
DA9C5319-3EAE-0B29-BBF8-23E773298398,01866 51343,changed.email@provider.org,Ap #133-6661 Different Avenue,04672,Brazil,Ap #942-2837 Sem Rd.,3567,United States,Aretha,Walter,1969-08-23,520,02,21,11,10,01,01,02,06,23056_20250331,hesa_23056_20250331_students_transformed.csv
