student_guid,program_guid,enrol_date,fees_paid,hesa_delivery,source_file
DA9C5319-3EAE-0B29-BBF8-23E773298398,0A769638-3799-86C6-AAAA-38BEBE2487D1,2022-12-07,Y,22056_20240331,hesa_22056_20240331_student_programs_transformed.csv
DA9C5319-3EAE-0B29-BBF8-23E773298398,0A769638-3799-86C6-AAAA-38BEBE2487D1,2023-12-07,Y,23056_20250331,hesa_23056_20250331_student_programs_transformed.csv
