program_guid,program_code,program_name,source_file,hesa_delivery
0A769638-3799-86C6-CCCC-38BEBE2487D1,MED12345,"BSc, Medicine",hesa_22056_20240331_student_programs_transformed.csv,22056_20240331
0A769638-3799-86C6-CCC7-38BEBE2487D1,MED12349,"BSc, 'quoted' Medicine",hesa_22056_20240331_student_programs_transformed.csv,22056_20240331
0A769638-3799-86C6-BBBB-38BEBE2487D1,ENG10001,BA English Lit,hesa_22056_20240331_student_programs_transformed.csv,22056_20240331
0A769638-3799-86C6-AAAA-38BEBE2487D1,COM20002,BSc Computer Science,hesa_22056_20240331_student_programs_transformed.csv,22056_20240331
0A769638-3799-86C6-BBBB-38BEBE2487D1,ENG10001,BA English Lit,hesa_23056_20250331_student_programs_transformed.csv,23056_20250331
0A769638-3799-86C6-AAAA-38BEBE2487D1,COM20002,BSc Computer Science,hesa_23056_20250331_student_programs_transformed.csv,23056_20250331
